#
# Mapa de canais para @garry EPG - RJ
#

# 
# epg_id_do_canal=nome_do_canal,nome_do_canal=numero_do_canal[opcional]
#

#canais regionais

# globo rj
76937=globo,globo hd
# record rj
76199=recordtv,recordtv hd
# sbt rj
98757=sbt,sbt hd
# band rj
76136=band,band hd

## canais nacionais
134150=Paramount+
133355=Paramount+ 2
133359=Paramount+ 3
133360=Paramount+ 4
77804=bbb 1,bbb hd 1, bbb hd 2,bbb mosaico hd
75904=rit tv
56337=canal educação
71719=TV Canção Nova
83208=Disc. Home & Health HD,Disc. Home & Health
75797=bbc
54679=band news,band news hd
94563=band sports,band sports hd
125033=empreender hd
124582=markket hd
98036=fashion tv hd
90856=fox sports 2,fox sports 2 hd
58685=france 24,france 24 hd
75596=canal sony,canal sony hd
16398=SHOPTIME
110389=film&arts hd,film&arts
95744=globonews,globonews hd
119231=pai eterno hd
108705=playboy tv, playboy tv hd
75915=polishop tv
75908=rai
76103=sic internacional
78154=mtv,mtv hd
55889=mtv's 00
124582=markket hd
105953=music box brazil,music box brazil hd
75921=nhk
83193=id,id hd
121547=jp news,jp news hd
104529=CGTN
76101=HBO,hbo hd
75916=tv wa
76112=tve
75816=tv5
75604=terra viva
109813=zoomoo hd,zoomoo
99628=AMC,amc hd
121625=Sabor & Arte HD
73979=sextreme
56131=TV Rá Tim Bum HD,TV Rá Tim Bum
75582=canal brasil,canal brasil hd
75583=cinemax,cinemax hd
98075=HBO2,hbo2 hd,hbo2
98076=hbo plus hd,hbo+,hbo plus,hbo+ hd
56092=hbo family,hbo family hd
98088=hbo signature hd,hbo signature
69097=hbo mundi hd,hbo mundi
54590=hbo xtreme hd,hbo xtreme
75590=hbo pop hd,hbo pop
78130=megapix hd,megapix
90944=paramount network hd,paramount network
75598=space,space hd
56102=tcm
78306=telecine premium hd,telecine premium
39917=telecine action,telecine action hd
40233=telecine cult,telecine cult hd
75601=telecine fun,telecine fun hd
54633=telecine pipoca,telecine pipoca hd
69958=telecine touch,telecine touch hd
75606=TNT,tnt hd
98922=FX,fx hd
104740=studio universal hd,studio universal
77795=a&e hd,a&e
75580=axn,axn hd
15689=star channel,star channel hd
55882=cinecanal hd,cinecanal
102409=lifetime,lifetime hd
104739=SYFY,syfy hd
83277=TBS,tbs hd
101728=tnt séries hd
94571=universal tv hd,universal tv
16214=warner channel hd,warner channel
94121=modo viagem,modo viagem hd
90905=food network hd,food network
124758=combate hd,combate
75838=espn,espn hd
109973=espn extra hd
16388=espn 2,espn 2 hd
75585=espn 3 hd
76099=espn 4,espn 4 hd
94119=off hd,off
56084=premiere clubes,premiere clubes hd
95288=premiere 2,premiere 2 hd
95290=premiere 3,premiere 3 hd
56087=premiere 4,premiere 4 hd
110892=premiere 5,premiere 5 hd
98139=premiere 6,premiere 6 hd
78275=premiere 7,premiere 7 hd
78277=premiere 8,premiere 8 hd
98066=sportv,sportv hd
56104=sportv2,sportv2 hd
76967=sportv3,sportv3 hd
77820=woohoo,woohoo hd
97985=BABYTV,baby tv
54594=cartoonito,cartoonito hd
16142=cartoon network hd,cartoon network
83199=discovery kids hd,discovery kids
75584=disney channel hd,disney channel
78083=GLOOB,gloob hd
105759=GLOOBINHO,gloobinho hd
104754=nick jr. hd,nick jr.
75919=NICKELODEON,nickelodeon hd
83240=tooncast
103707=arte1,arte 1 hd,arte 1
94122=bis hd,bis
83200=comedy central hd,comedy central
102367=e! hd,e!
110390=fish tv,fish tv hd
103720=futura,futura hd
79019=GNT,gnt hd
78181=multishow,multishow hd
75881=tv câmara
38060=tv senado
76237=tv justiça
94120=viva,viva hd
61176=mtv live,mtv live hd
105950=curta,curta! hd,curta!
78282=prime box brazil hd,prime box brazil
113574=travel box brazil hd
102407=animal planet hd,animal planet
79018=discovery channel hd,discovery channel
107895=discovery science hd,discovery science
75835=discovery theater hd,discovery theater
56076=discovery turbo hd,discovery turbo
75605=discovery world hd,discovery world
98187=H2,h2 hd,history 2 hd
111477=hgtv hd,hgtv
75589=history hd,history
95745=national geographic hd,national geographic
98582=tlc hd,tlc
41479=recordtv,record tv,recordtv hd
16529=sbt,sbt hd
114160=cnn brasil,cnn brasil hd
41309=band,band hd
18122=redetv!,redetv! hd
38059=rede vida,rede vida hd
20750=tv brasil,tv brasil hd
104470=tv gazeta,tv gazeta hd
56088=sexy hot,sexy hot hd
114257=Venus
37605=cultura,cultura hd
36928=cnt,cnt hd
127718=record news,record news hd
78233=tv aparecida
54640=tv brasil 2
64364=cnn international
75800=boa vontade tv
75833=dw (deutsch+)
115022=trace brazuca,trace brazuca hd
75831=tv novo tempo,tv novo tempo hd
76673=tve
53168=bloomberg
115356=agromais hd,agromais
38704=canal rural, canal rural hd
77874=canal do boi,canal do boi hd
