# arquivo de mapeamento do Guia @garry
# id_do_canal=nome_do_canal,nom_do_canal2=numero_do_canal

134150=Paramount+
133355=Paramount+ 2
133359=Paramount+ 3
133360=Paramount+ 4
16398=shoptime
37605=cultura,cultura hd
38060=tv senado
38704=canal rural
38706=eurochannel hd
38709=record news,record news hd
41309=band,band hd
45034=disney xd
53168=bloomberg
54590=hbo xtreme hd,hbo xtreme
54640=tv brasil 2
54679=band news,band news hd
55889=mtv's 00
56102=tcm
56103=sportv hd,sportv
56104=sportv2,sportv2 hd
56131=tv rá tim bum hd,tv rá tim bum
56337=tv escola
58984=globo sp,globo,globo hd
61176=mtv live,mtv live hd
64364=cnn international
69097=hbo mundi hd,hbo mundi
71719=tv canção nova,tv canção nova hd
73979=sextreme
74979=modo viagem,modo viagem hd
75580=axn hd,axn
75583=cinemax hd,cinemax
75584=disney channel hd,disney channel
75585=espn 3 hd
75586=star channel,star channel hd
75589=history hd,history
75590=hbo pop hd,hbo pop
75593=natgeo wild hd,natgeo wild
75596=canal sony hd,canal sony
75598=space hd,space
75600=telecine action,telecine action hd
75603=telecine pipoca,telecine pipoca hd
75604=terra viva
75605=discovery world hd,discovery world
75606=tnt hd,tnt
75610=warner channel hd,warner channel
75797=bbc
75800=boa vontade tv
75816=tv5
75833=dw (deutsch+)
75835=discovery theater hd,discovery theater
75881=tv câmara
75904=rit tv
75908=rai
75915=polishop tv
75916=tv wa
75919=nickelodeon hd,nickelodeon
75921=nhk
76100=espn 4,espn 4 hd
76101=hbo hd,hbo
76103=sic internacional
76112=tve
76215=sbt,sbt hd
76237=tv justiça
76967=sportv3,sportv3 hd
77747=espn,espn hd
77795=a&e hd,a&e
77804=bbb 1,bbb hd 1,bbb hd 2,bbb mosaico hd
77874=canal do boi,canal do boi hd
77905=cartoon network hd,cartoon network
78083=gloob hd,gloob
78130=megapix hd,megapix
78154=mtv hd,mtv
78181=multishow hd,multishow
78233=tv aparecida
78275=premiere 7,premiere 7 hd
78277=premiere 8,premiere 8 hd
78282=prime box brazil hd,prime box brazil
78304=telecine touch,telecine touch hd
78306=telecine premium hd,telecine premium
78314=telecine fun,telecine fun hd
78342=recordtv,record tv,recordtv hd
78480=rede vida,rede vida hd
79018=discovery channel hd,discovery channel
79019=gnt hd,gnt
79594=fish tv,fish tv hd
83193=id hd,id
83199=discovery kids hd,discovery kids
83200=comedy central hd,comedy central
83208=disc. home & health hd,disc. home & health
83240=tooncast
83277=tbs hd,tbs
84420=telecine cult,telecine cult hd
85800=combate hd,combate
90856=fox sports 2 hd,fox sports 2
90874=discovery turbo hd,discovery turbo
90875=disney junior,disney junior hd
90905=food network hd,food network
94119=off hd,off
94120=viva hd,viva
94122=bis hd,bis
94356=paramount network hd,paramount network
94563=band sports,band sports hd
94564=canal brasil,canal brasil hd
94571=universal tv hd,universal tv
95744=globonews,globonews hd
95745=national geographic hd,national geographic
97985=baby tv
98036=fashion tv hd
98075=hbo2 hd,hbo2
98076=hbo plus hd,hbo+,hbo plus,hbo+ hd
98088=hbo signature hd,hbo signature
98096=hbo family,hbo family hd
98139=premiere 6,premiere 6 hd
98187=h2 hd,history 2 hd
98582=tlc hd,tlc
98922=fx hd,fx
99021=premiere clubes,premiere clubes hd
99096=espn 2,espn 2 hd
99628=amc hd
101727=star life,star life hd,cinecanal hd,cinecanal
101728=tnt séries hd
102367=e! hd,e!
102407=animal planet hd,animal planet
102409=lifetime hd
102412=premiere 2,premiere 2 hd
102413=premiere 3,premiere 3 hd
102433=premiere 4,premiere 4 hd
102434=premiere 5,premiere 5 hd
103707=arte 1 hd,arte 1
103720=futura hd,futura
103751=redetv!,redetv! hd
103762=tv novo tempo,tv novo tempo hd
104173=cnt,cnt hd
104470=tv gazeta,tv gazeta hd
104529=cgtn
104739=syfy hd,syfy
104740=studio universal hd,studio universal
104741=boomerang hd,boomerang,cartoonito,cartoonito hd
104754=nick jr. hd,nick jr.
105758=nat geo kids hd,nat geo kids
105759=gloobinho,gloobinho hd
105950=curta! hd,curta!
105951=discovery science hd,discovery science
105953=music box brazil,music box brazil hd
106678=woohoo,woohoo hd
107628=tv brasil,tv brasil hd
107916=sexy hot
108705=playboy tv hd,playboy tv
109771=dog tv
109813=zoomoo hd,zoomoo
109973=espn extra hd
110389=film&arts hd,film&arts
111477=hgtv hd,hgtv
113227=france 24,france 24 hd
113441=like hd
113574=travel box brazil hd
114159=cnn brasil,cnn brasil hd
114257=venus
115022=trace brazuca,trace brazuca hd
115356=agromais hd,agromais
119231=pai eterno hd
121547=jp news,jp news hd
121625=sabor & arte hd
124582=markket hd
125033=empreender hd
